mode: set
github.com/finkord/building_modern_web_app_with_go/internal/handlers/handlers.go:23.47,27.2 1 1
github.com/finkord/building_modern_web_app_with_go/internal/handlers/handlers.go:30.33,32.2 1 1
github.com/finkord/building_modern_web_app_with_go/internal/handlers/handlers.go:35.67,40.2 3 1
github.com/finkord/building_modern_web_app_with_go/internal/handlers/handlers.go:43.68,55.2 5 1
github.com/finkord/building_modern_web_app_with_go/internal/handlers/handlers.go:58.74,67.2 4 1
github.com/finkord/building_modern_web_app_with_go/internal/handlers/handlers.go:70.78,72.16 2 1
github.com/finkord/building_modern_web_app_with_go/internal/handlers/handlers.go:72.16,75.3 2 0
github.com/finkord/building_modern_web_app_with_go/internal/handlers/handlers.go:77.2,89.19 6 1
github.com/finkord/building_modern_web_app_with_go/internal/handlers/handlers.go:89.19,98.3 4 0
github.com/finkord/building_modern_web_app_with_go/internal/handlers/handlers.go:100.2,102.66 2 1
github.com/finkord/building_modern_web_app_with_go/internal/handlers/handlers.go:106.71,108.2 1 1
github.com/finkord/building_modern_web_app_with_go/internal/handlers/handlers.go:111.69,113.2 1 1
github.com/finkord/building_modern_web_app_with_go/internal/handlers/handlers.go:116.75,118.2 1 1
github.com/finkord/building_modern_web_app_with_go/internal/handlers/handlers.go:121.79,125.2 3 1
github.com/finkord/building_modern_web_app_with_go/internal/handlers/handlers.go:133.79,140.16 3 1
github.com/finkord/building_modern_web_app_with_go/internal/handlers/handlers.go:140.16,143.3 2 0
github.com/finkord/building_modern_web_app_with_go/internal/handlers/handlers.go:145.2,147.14 3 1
github.com/finkord/building_modern_web_app_with_go/internal/handlers/handlers.go:151.70,153.2 1 1
github.com/finkord/building_modern_web_app_with_go/internal/handlers/handlers.go:156.81,158.9 2 1
github.com/finkord/building_modern_web_app_with_go/internal/handlers/handlers.go:158.9,163.3 4 1
github.com/finkord/building_modern_web_app_with_go/internal/handlers/handlers.go:165.2,171.4 4 0
